1740492952.471033 client started (29754): version 3.5a, socket /private/tmp/tmux-501/default, protocol 8
1740492952.471105 on Darwin 24.2.0 Darwin Kernel Version 24.2.0: Fri Dec  6 18:51:28 PST 2024; root:xnu-11215.61.5~2/RELEASE_ARM64_T8112
1740492952.471120 using libevent 2.1.12-stable select
1740492952.471362 using utf8proc 2.10.0
1740492952.471381 using ncurses 6.5 20240427
1740492952.471405 flags are 0x10010000
1740492952.471414 socket is /private/tmp/tmux-501/default
1740492952.471429 trying connect
1740492952.471670 add peer 0x130028000: 6 (0x0)
1740492952.475443 sending message 111 to peer 0x130028000 (8 bytes)
1740492952.475462 sending message 111 to peer 0x130028000 (8 bytes)
1740492952.475470 sending message 101 to peer 0x130028000 (16 bytes)
1740492952.475476 sending message 109 to peer 0x130028000 (4 bytes)
1740492952.475482 sending message 102 to peer 0x130028000 (13 bytes)
1740492952.475489 sending message 108 to peer 0x130028000 (35 bytes)
1740492952.475494 sending message 112 to peer 0x130028000 (70 bytes)
1740492952.475500 sending message 112 to peer 0x130028000 (5 bytes)
1740492952.475505 sending message 112 to peer 0x130028000 (5 bytes)
1740492952.475511 sending message 112 to peer 0x130028000 (6 bytes)
1740492952.475517 sending message 112 to peer 0x130028000 (6 bytes)
1740492952.475522 sending message 112 to peer 0x130028000 (11 bytes)
1740492952.475528 sending message 112 to peer 0x130028000 (10 bytes)
1740492952.475533 sending message 112 to peer 0x130028000 (13 bytes)
1740492952.475539 sending message 112 to peer 0x130028000 (13 bytes)
1740492952.475545 sending message 112 to peer 0x130028000 (18 bytes)
1740492952.475550 sending message 112 to peer 0x130028000 (11 bytes)
1740492952.475556 sending message 112 to peer 0x130028000 (21 bytes)
1740492952.475561 sending message 112 to peer 0x130028000 (13 bytes)
1740492952.475566 sending message 112 to peer 0x130028000 (7 bytes)
1740492952.475572 sending message 112 to peer 0x130028000 (13 bytes)
1740492952.475577 sending message 112 to peer 0x130028000 (7 bytes)
1740492952.475583 sending message 112 to peer 0x130028000 (13 bytes)
1740492952.475589 sending message 112 to peer 0x130028000 (9 bytes)
1740492952.475594 sending message 112 to peer 0x130028000 (21 bytes)
1740492952.475600 sending message 112 to peer 0x130028000 (13 bytes)
1740492952.475605 sending message 112 to peer 0x130028000 (8 bytes)
1740492952.475611 sending message 112 to peer 0x130028000 (12 bytes)
1740492952.475616 sending message 112 to peer 0x130028000 (13 bytes)
1740492952.475621 sending message 112 to peer 0x130028000 (9 bytes)
1740492952.475627 sending message 112 to peer 0x130028000 (9 bytes)
1740492952.475632 sending message 112 to peer 0x130028000 (12 bytes)
1740492952.475638 sending message 112 to peer 0x130028000 (8 bytes)
1740492952.475644 sending message 112 to peer 0x130028000 (7 bytes)
1740492952.475649 sending message 112 to peer 0x130028000 (7 bytes)
1740492952.475655 sending message 112 to peer 0x130028000 (9 bytes)
1740492952.475660 sending message 112 to peer 0x130028000 (13 bytes)
1740492952.475666 sending message 112 to peer 0x130028000 (9 bytes)
1740492952.475672 sending message 112 to peer 0x130028000 (15 bytes)
1740492952.475677 sending message 112 to peer 0x130028000 (13 bytes)
1740492952.475683 sending message 112 to peer 0x130028000 (12 bytes)
1740492952.475688 sending message 112 to peer 0x130028000 (8 bytes)
1740492952.475693 sending message 112 to peer 0x130028000 (14 bytes)
1740492952.475699 sending message 112 to peer 0x130028000 (9 bytes)
1740492952.475704 sending message 112 to peer 0x130028000 (10 bytes)
1740492952.475709 sending message 112 to peer 0x130028000 (10 bytes)
1740492952.475715 sending message 112 to peer 0x130028000 (10 bytes)
1740492952.475721 sending message 112 to peer 0x130028000 (10 bytes)
1740492952.475726 sending message 112 to peer 0x130028000 (11 bytes)
1740492952.475731 sending message 112 to peer 0x130028000 (10 bytes)
1740492952.475737 sending message 112 to peer 0x130028000 (8 bytes)
1740492952.475742 sending message 112 to peer 0x130028000 (11 bytes)
1740492952.475765 sending message 112 to peer 0x130028000 (11 bytes)
1740492952.475770 sending message 112 to peer 0x130028000 (11 bytes)
1740492952.475774 sending message 112 to peer 0x130028000 (8 bytes)
1740492952.475778 sending message 112 to peer 0x130028000 (8 bytes)
1740492952.475781 sending message 112 to peer 0x130028000 (8 bytes)
1740492952.475785 sending message 112 to peer 0x130028000 (10 bytes)
1740492952.475789 sending message 112 to peer 0x130028000 (10 bytes)
1740492952.475793 sending message 112 to peer 0x130028000 (10 bytes)
1740492952.475796 sending message 112 to peer 0x130028000 (10 bytes)
1740492952.475800 sending message 112 to peer 0x130028000 (10 bytes)
1740492952.475804 sending message 112 to peer 0x130028000 (11 bytes)
1740492952.475808 sending message 112 to peer 0x130028000 (11 bytes)
1740492952.475812 sending message 112 to peer 0x130028000 (10 bytes)
1740492952.475816 sending message 112 to peer 0x130028000 (9 bytes)
1740492952.475820 sending message 112 to peer 0x130028000 (9 bytes)
1740492952.475825 sending message 112 to peer 0x130028000 (12 bytes)
1740492952.475830 sending message 112 to peer 0x130028000 (9 bytes)
1740492952.475834 sending message 112 to peer 0x130028000 (6 bytes)
1740492952.475838 sending message 112 to peer 0x130028000 (13 bytes)
1740492952.475842 sending message 112 to peer 0x130028000 (8 bytes)
1740492952.475846 sending message 112 to peer 0x130028000 (15 bytes)
1740492952.475850 sending message 112 to peer 0x130028000 (13 bytes)
1740492952.475854 sending message 112 to peer 0x130028000 (70 bytes)
1740492952.475858 sending message 112 to peer 0x130028000 (69 bytes)
1740492952.475863 sending message 112 to peer 0x130028000 (10 bytes)
1740492952.475867 sending message 112 to peer 0x130028000 (8 bytes)
1740492952.475871 sending message 112 to peer 0x130028000 (15 bytes)
1740492952.475875 sending message 112 to peer 0x130028000 (13 bytes)
1740492952.475879 sending message 112 to peer 0x130028000 (10 bytes)
1740492952.475884 sending message 112 to peer 0x130028000 (10 bytes)
1740492952.475888 sending message 112 to peer 0x130028000 (5 bytes)
1740492952.475892 sending message 112 to peer 0x130028000 (15 bytes)
1740492952.475899 sending message 104 to peer 0x130028000 (0 bytes)
1740492952.475904 sending message 110 to peer 0x130028000 (0 bytes)
1740492952.475909 sending message 107 to peer 0x130028000 (4 bytes)
1740492952.475913 sending message 105 to peer 0x130028000 (82 bytes)
1740492952.475917 sending message 105 to peer 0x130028000 (86 bytes)
1740492952.475921 sending message 105 to peer 0x130028000 (31 bytes)
1740492952.475926 sending message 105 to peer 0x130028000 (56 bytes)
1740492952.475931 sending message 105 to peer 0x130028000 (14 bytes)
1740492952.475936 sending message 105 to peer 0x130028000 (20 bytes)
1740492952.475940 sending message 105 to peer 0x130028000 (22 bytes)
1740492952.475946 sending message 105 to peer 0x130028000 (64 bytes)
1740492952.475951 sending message 105 to peer 0x130028000 (32 bytes)
1740492952.475955 sending message 105 to peer 0x130028000 (12 bytes)
1740492952.475960 sending message 105 to peer 0x130028000 (18 bytes)
1740492952.475965 sending message 105 to peer 0x130028000 (53 bytes)
1740492952.475970 sending message 105 to peer 0x130028000 (46 bytes)
1740492952.475975 sending message 105 to peer 0x130028000 (50 bytes)
1740492952.475980 sending message 105 to peer 0x130028000 (142 bytes)
1740492952.475985 sending message 105 to peer 0x130028000 (15 bytes)
1740492952.475990 sending message 105 to peer 0x130028000 (14 bytes)
1740492952.475995 sending message 105 to peer 0x130028000 (32 bytes)
1740492952.476000 sending message 105 to peer 0x130028000 (67 bytes)
1740492952.476006 sending message 105 to peer 0x130028000 (54 bytes)
1740492952.476011 sending message 105 to peer 0x130028000 (42 bytes)
1740492952.476016 sending message 105 to peer 0x130028000 (892 bytes)
1740492952.476021 sending message 105 to peer 0x130028000 (31 bytes)
1740492952.476025 sending message 105 to peer 0x130028000 (17 bytes)
1740492952.476029 sending message 105 to peer 0x130028000 (39 bytes)
1740492952.476046 sending message 105 to peer 0x130028000 (24 bytes)
1740492952.476050 sending message 105 to peer 0x130028000 (15 bytes)
1740492952.476055 sending message 105 to peer 0x130028000 (8 bytes)
1740492952.476060 sending message 105 to peer 0x130028000 (66 bytes)
1740492952.476064 sending message 105 to peer 0x130028000 (21 bytes)
1740492952.476068 sending message 105 to peer 0x130028000 (182 bytes)
1740492952.476073 sending message 105 to peer 0x130028000 (18 bytes)
1740492952.476077 sending message 105 to peer 0x130028000 (26 bytes)
1740492952.476082 sending message 105 to peer 0x130028000 (57 bytes)
1740492952.476085 sending message 105 to peer 0x130028000 (42 bytes)
1740492952.476089 sending message 105 to peer 0x130028000 (14 bytes)
1740492952.476093 sending message 105 to peer 0x130028000 (53 bytes)
1740492952.476097 sending message 105 to peer 0x130028000 (11 bytes)
1740492952.476101 sending message 105 to peer 0x130028000 (30 bytes)
1740492952.476106 sending message 105 to peer 0x130028000 (16 bytes)
1740492952.476110 sending message 105 to peer 0x130028000 (35 bytes)
1740492952.476115 sending message 105 to peer 0x130028000 (37 bytes)
1740492952.476120 sending message 105 to peer 0x130028000 (40 bytes)
1740492952.476125 sending message 105 to peer 0x130028000 (14 bytes)
1740492952.476129 sending message 105 to peer 0x130028000 (19 bytes)
1740492952.476133 sending message 105 to peer 0x130028000 (35 bytes)
1740492952.476137 sending message 105 to peer 0x130028000 (32 bytes)
1740492952.476140 sending message 105 to peer 0x130028000 (53 bytes)
1740492952.476144 sending message 105 to peer 0x130028000 (49 bytes)
1740492952.476149 sending message 105 to peer 0x130028000 (55 bytes)
1740492952.476154 sending message 105 to peer 0x130028000 (67 bytes)
1740492952.476158 sending message 105 to peer 0x130028000 (70 bytes)
1740492952.476161 sending message 105 to peer 0x130028000 (41 bytes)
1740492952.476165 sending message 106 to peer 0x130028000 (0 bytes)
1740492952.476211 sending message 200 to peer 0x130028000 (4 bytes)
1740492952.476218 client loop enter
1740492952.485703 peer 0x130028000 message 303
1740492952.485738 open write file 2 -
1740492952.485958 sending message 305 to peer 0x130028000 (8 bytes)
1740492952.485993 write check file 2
1740492952.486256 peer 0x130028000 message 304
1740492952.486268 write 58 to file 2
1740492952.486275 peer 0x130028000 message 203
1740492952.486282 file 2 58 bytes left
1740492952.486299 write check file 2
1740492952.486306 client loop exit
